n/1739423049730.jpg
n/1739423049729.jpg
n/1739423049728.jpg
n/1739423049727.jpg
n/1739423049725.jpg
n/1739423049723.jpg
n/1739423049722.jpg
n/1739423049721.jpg
n/1739423049737.png
n/1739423049720.jpg
n/1739423049719.jpg
n/1739423049724.png
n/1739423049718.jpg
n/1739423049717.jpg
n/1739423049716.jpg
n/1739423049715.jpg
n/1739423049714.jpg
n/1739423049614.jpg
n/1739423049611.jpg
n/1739423049610.jpg
n/1739423049601.png
n/1739423049609.jpg
n/1739423049606.jpg
n/1739423049603.png
n/1739423049602.png
n/1739423049605.jpg
n/1739423049604.jpg
n/1739423049603.jpg
n/1739423049605.png
n/1739423049601.jpg
n/1739423049600.jpg
n/1739423049606.png
n/1739423049598.jpg
n/1739423049616.jpg
n/1739423049608.png
n/1739423049712.jpg
n/1739423049713.png
n/1739423049711.jpg
n/1739423049710.jpg
n/1739423049709.jpg
n/1739423049708.jpg
n/1739423049707.jpg
n/1739423049706.jpg
n/1739423049705.jpg
n/1739423049703.jpg
n/1739423049702.jpg
n/1739423049700.jpg
n/1739423049699.jpg
n/1739423049698.jpg
n/1739423049697.jpg
n/1739423049696.jpg
n/1739423049695.jpg
n/1739423049694.jpg
n/1739423049693.jpg
n/1739423049692.jpg
n/1739423049594.jpg
n/1739423049609.png
n/1739423049617.jpg
n/1739423049691.jpg
n/1739423049702.png
n/1739423049618.jpg
n/1739423049589.jpg
n/1739423049619.jpg
n/1739423049587.jpg
n/1739423049586.jpg
n/1739423049585.jpg
n/1739423049610.png
n/1739423049584.jpg
n/1739423049581.jpg
n/1739423049580.jpg
n/1739423049578.jpg
n/1739423049576.jpg
n/1739423049575.jpg
n/1739423049612.png
n/1739423049573.jpg
n/1739423049615.png
n/1739423049572.jpg
n/1739423049570.jpg
n/1739423049569.jpg
n/1739423049616.png
n/1739423049690.png
n/1739423049689.jpg
n/1739423049688.jpg
n/1739423049687.jpg
n/1739423049686.jpg
n/1739423049685.jpg
n/1739423049684.jpg
n/1739423049683.jpg
n/1739423049679.png
n/1739423049682.jpg
n/1739423049681.jpg
n/1739423049680.jpg
n/1739423049755.jpg
n/1739423049754.jpg
n/1739423049749.jpg
n/1739423049736.jpg
n/1739423049724.jpg
n/1739423049713.jpg
n/1739423049701.jpg
n/1739423049754.png
n/1739423049690.jpg
n/1739423049679.jpg
n/1739423049753.jpg
n/1739423049567.jpg
n/1739423049665.jpg
n/1739423049618.png
n/1739423049653.jpg
n/1739423049621.jpg
n/1739423049619.png
n/1739423049629.jpg
n/1739423049620.png
n/1739423049653.png
n/1739423049622.png
n/1739423049629.png
n/1739423049624.jpg
n/1739423049625.png
n/1739423049613.jpg
n/1739423049597.jpg
n/1739423049583.jpg
n/1739423049614.png
n/1739423049598.png
n/1739423049583.png
n/1739423049565.jpg
n/1739423049565.png
n/1739423049623.jpg
n/1739423049624.png
n/1739423049752.jpg
n/1739423049751.jpg
n/1739423049750.jpg
n/1739423049748.jpg
n/1739423049747.jpg
n/1739423049746.jpg
n/1739423049744.jpg
n/1739423049600.png
n/1739423049678.jpg
n/1739423049743.jpg
n/1739423049742.jpg
n/1739423049677.jpg
n/1739423049596.png
n/1739423049568.jpg
n/1739423049595.png
n/1739423049676.jpg
n/1739423049675.jpg
n/1739423049674.jpg
n/1739423049594.png
n/1739423049592.png
n/1739423049673.jpg
n/1739423049672.jpg
n/1739423049590.png
n/1739423049589.png
n/1739423049671.jpg
n/1739423049670.jpg
n/1739423049669.jpg
n/1739423049588.png
n/1739423049667.jpg
n/1739423049749.png
n/1739423049741.jpg
n/1739423049740.jpg
n/1739423049739.jpg
n/1739423049738.jpg
n/1739423049587.png
n/1739423049666.jpg
n/1739423049664.jpg
n/1739423049663.jpg
n/1739423049662.jpg
n/1739423049661.jpg
n/1739423049660.jpg
n/1739423049659.jpg
n/1739423049658.jpg
n/1739423049657.jpg
n/1739423049656.jpg
n/1739423049586.png
n/1739423049584.png
n/1739423049654.jpg
n/1739423049582.png
n/1739423049652.jpg
n/1739423049581.png
n/1739423049651.jpg
n/1739423049579.png
n/1739423049578.png
n/1739423049575.png
n/1739423049650.jpg
n/1739423049574.png
n/1739423049735.jpg
n/1739423049734.jpg
n/1739423049733.jpg
n/1739423049732.jpg
n/1739423049649.jpg
n/1739423049648.jpg
n/1739423049647.jpg
n/1739423049572.png
n/1739423049646.jpg
n/1739423049731.jpg
n/1739423049645.jpg
n/1739423049643.jpg
n/1739423049642.jpg
n/1739423049639.jpg
n/1739423049638.jpg
n/1739423049571.png
n/1739423049637.jpg
n/1739423049636.jpg
n/1739423049570.png
n/1739423049635.jpg
n/1739423049634.jpg
n/1739423049633.jpg
n/1739423049632.jpg
n/1739423049631.jpg
n/1739423049630.jpg
n/1739423049628.jpg
n/1739423049567.png
n/1739423049627.jpg
n/1739423049665.png
n/1739423049626.jpg
n/1739423049640.png
n/1739423049596.jpg
n/1739423049593.jpg
n/1739423049591.jpg
n/1739423049588.jpg
n/1739423049640.jpg
n/1739420384466.jpg
n/1739420384465.jpg
n/1739420384464.jpg
n/1739420384463.jpg
n/1739420384462.jpg
n/1739420384461.jpg
n/1739420384460.jpg
n/1739420384459.jpg
n/1739420384458.jpg
n/1739420384457.jpg
n/1739420384456.jpg
n/1739420384455.jpg
n/1739420384454.jpg
n/1739420384453.jpg
n/1739420384452.jpg
n/1739420384451.jpg
n/1739420384450.jpg
n/1739420384449.jpg
n/1739420384448.jpg
n/1739420384447.jpg
n/1739420384446.jpg
n/1739420384444.jpg
n/1739420384443.jpg
n/1739420384442.jpg
n/1739420384441.jpg
n/1739420384440.jpg
n/1739420384439.jpg
n/1739420384438.jpg
n/1739420384437.jpg
n/1739420384436.jpg
n/1739420384435.jpg
n/1739420384433.jpg
n/1739420384432.jpg
n/1739420384431.jpg
n/1739420384430.jpg
n/1739420384429.jpg
n/1739420384428.jpg
n/1739420384427.jpg
n/1739420384426.jpg
n/1739420384425.jpg
n/1739420384424.jpg
n/1739420384423.jpg
n/1739420384422.jpg
n/1739420384421.jpg
n/1739420384420.jpg
n/1739420384419.jpg
n/1739420384417.jpg
n/1739420384416.jpg
n/1739420384415.jpg
n/1739420384414.jpg
n/1739420384413.jpg
n/1739420384412.jpg
n/1739420384411.jpg
n/1739420384410.jpg
n/1739420384409.jpg
n/1739420384408.jpg
n/1739420384407.jpg
n/1739420384406.jpg
n/1739420384405.jpg
n/1739420384404.jpg
n/1739420384403.jpg
n/1739420384402.jpg
n/1739420384401.jpg
n/1739420384400.jpg
n/1739420384399.jpg
n/1739420384398.jpg
n/1739420384397.jpg
n/1739420384396.jpg
n/1739420384395.jpg
n/1739420384394.jpg
n/1739420384393.jpg
n/1739420384392.jpg
n/1739420384391.jpg
n/1739420384389.jpg
n/1739420384388.jpg
n/1739420384387.jpg
n/1739420384386.jpg
n/1739420384385.jpg
n/1739420384383.jpg
n/1739420384382.jpg
n/1739420384381.jpg
n/1739420384380.jpg
n/1739420384379.jpg
n/1739420384378.jpg
n/1739420384377.jpg
n/1739420384376.jpg
n/1739420384375.jpg
n/1739420384374.jpg
n/1739420384373.jpg
n/1739420384372.jpg
n/1739423049564.jpg
n/1739423049563.jpg
n/1739423049560.jpg
n/1739415481970.jpg
n/1739415481969.jpg
n/1739415481968.jpg
n/1739415481967.jpg
n/1739415481966.jpg
n/1739415481965.jpg
n/1739415481964.jpg
n/1739415481963.jpg
n/1739415477424.jpg
n/1739415477423.jpg
n/1739415477421.jpg
n/1739415477420.jpg
n/1739415477419.jpg
n/1739415477418.jpg
n/1739415477417.jpg
n/1739415477416.jpg
n/1739415477415.jpg
n/1739415477414.jpg
n/1739415477413.jpg
n/1739415477412.jpg
n/1739415477410.jpg
n/1739415477339.jpg
n/1739415477338.jpg
n/1739415477337.jpg
n/1739415477336.jpg
n/1739415477409.jpg
n/1739415477335.jpg
n/1739415477334.jpg
n/1739415477333.jpg
n/1739415477331.jpg
n/1739415477330.jpg
n/1739415477329.jpg
n/1739415477327.jpg
n/1739415477326.jpg
n/1739415477325.jpg
n/1739415477324.jpg
n/1739415477323.jpg
n/1739415477322.jpg
n/1739415477321.jpg
n/1739415477319.jpg
n/1739415477317.jpg
n/1739415477316.jpg
n/1739415477315.jpg
n/1739415477314.jpg
n/1739415477313.jpg
n/1739415477311.jpg
n/1739415477310.jpg
n/1739415477309.jpg
n/1739415477308.jpg
n/1739415477408.jpg
n/1739415477407.jpg
n/1739415477406.jpg
n/1739415477404.jpg
n/1739415477403.jpg
n/1739415477402.jpg
n/1739415477401.jpg
n/1739415477400.jpg
n/1739415477377.png
n/1739415477398.jpg
n/1739415477397.jpg
n/1739415477396.jpg
n/1739415477395.jpg
n/1739415477394.jpg
n/1739415477366.png
n/1739415477393.jpg
n/1739415477392.jpg
n/1739415477391.jpg
n/1739415477352.png
n/1739415477390.jpg
n/1739415477389.jpg
n/1739415477387.jpg
n/1739415477386.jpg
n/1739415477385.jpg
n/1739415477384.jpg
n/1739415477383.jpg
n/1739415477305.jpg
n/1739415477304.jpg
n/1739415477303.jpg
n/1739415477302.jpg
n/1739415477301.jpg
n/1739415477294.png
n/1739415477300.jpg
n/1739415477299.jpg
n/1739415477298.jpg
n/1739415477296.jpg
n/1739415477295.jpg
n/1739415477292.jpg
n/1739415477291.jpg
n/1739415477290.jpg
n/1739415477289.jpg
n/1739415477283.png
n/1739415477288.jpg
n/1739415477287.jpg
n/1739415477286.jpg
n/1739415477285.jpg
n/1739415462075.png
n/1739415477284.jpg
n/1739415477283.jpg
n/1739415477281.jpg
n/1739415477382.jpg
n/1739415477381.jpg
n/1739415477380.jpg
n/1739415477379.jpg
n/1739415477378.jpg
n/1739415477376.jpg
n/1739415477375.jpg
n/1739415477374.jpg
n/1739415477372.jpg
n/1739415477371.jpg
n/1739415477370.jpg
n/1739415477369.jpg
n/1739415477368.jpg
n/1739415477367.jpg
n/1739415477366.jpg
n/1739415477364.jpg
n/1739415477363.jpg
n/1739415477362.jpg
n/1739415477360.jpg
n/1739415477359.jpg
n/1739415477358.jpg
n/1739415477357.jpg
n/1739415477356.jpg
n/1739415477280.jpg
n/1739415477279.jpg
n/1739415477278.jpg
n/1739415477276.jpg
n/1739415477275.jpg
n/1739415477355.jpg
n/1739415462080.jpg
n/1739415462079.jpg
n/1739415462078.jpg
n/1739415462076.jpg
n/1739415462074.jpg
n/1739415462072.jpg
n/1739415462071.jpg
n/1739415462070.jpg
n/1739415462069.jpg
n/1739415462062.png
n/1739415462068.jpg
n/1739415462051.png
n/1739415462067.jpg
n/1739415462038.png
n/1739415462066.jpg
n/1739415462065.jpg
n/1739415462063.jpg
n/1739415462061.jpg
n/1739415462060.jpg
n/1739415462059.jpg
n/1739415462058.jpg
n/1739415477353.jpg
n/1739415477351.jpg
n/1739415477340.png
n/1739415477350.jpg
n/1739415477349.jpg
n/1739415477348.jpg
n/1739415477347.jpg
n/1739415477345.jpg
n/1739415477344.jpg
n/1739415477343.jpg
n/1739415477342.jpg
n/1739415477341.jpg
n/1739415481971.jpg
n/1739415477422.jpg
n/1739415477411.jpg
n/1739415477399.jpg
n/1739415477388.jpg
n/images.png
n/1739415477377.jpg
n/1739415477365.jpg
n/1739415477352.jpg
n/1739415477340.jpg
n/download.png
n/1739415462057.jpg
n/1739415462056.jpg
n/1739415462055.jpg
n/1739415462054.jpg
n/images.jpg
n/1739415462053.jpg
n/1739415462052.jpg
n/1739415462050.jpg
n/1739415462049.jpg
n/1739415462048.jpg
n/1739415462047.jpg
n/1739415462045.jpg
n/1739415462044.jpg
n/1739415462042.jpg
n/1739415462041.jpg
n/1739415462040.jpg
n/1739415462039.jpg
n/1739415477332.jpg
n/1739415477320.jpg
n/1739415477307.jpg
n/1739415477294.jpg
n/1739415477282.jpg
n/1739415462075.jpg
n/1739415462062.jpg
n/1739415462051.jpg
n/1739415462037.jpg
n/download.jpg