p/1739423374040.jpg 1 0 0 240 152
p/1739423374038.jpg 1 0 0 284 177
p/1739423374037.jpg 1 0 0 259 194
p/1739423374036.jpg 1 0 0 194 259
p/1739423374035.jpg 1 0 0 275 183
p/1739423380785.png 1 0 0 280 180
p/1739423374033.jpg 1 0 0 224 224
p/1739423380784.png 1 0 0 277 182
p/1739423374032.jpg 1 0 0 225 225
p/1739423374031.jpg 1 0 0 225 225
p/1739423374030.jpg 1 0 0 271 186
p/1739423374029.jpg 1 0 0 183 275
p/1739423380789.jpg 1 0 0 225 225
p/1739423380788.jpg 1 0 0 225 225
p/1739423380787.jpg 1 0 0 299 168
p/1739423380782.png 1 0 0 277 182
p/1739423380786.jpg 1 0 0 287 176
p/1739423380781.png 1 0 0 225 225
p/1739423380784.jpg 1 0 0 284 177
p/1739423380783.jpg 1 0 0 300 168
p/1739423374029.png 1 0 0 259 194
p/1739423380782.jpg 1 0 0 225 225
p/1739423380786.png 1 0 0 418 120
p/1739423380780.jpg 1 0 0 276 183
p/1739423374028.jpg 1 0 0 198 255
p/1739423380781.jpg 1 0 0 300 168
p/1739423374027.jpg 1 0 0 225 225
p/1739423374017.png 1 0 0 183 275
p/1739423374026.jpg 1 0 0 225 225
p/1739423374025.jpg 1 0 0 272 185
p/1739423374018.jpg 1 0 0 268 188
p/1739423374016.jpg 1 0 0 182 276
p/1739423374016.png 1 0 0 224 225
p/1739423374015.jpg 1 0 0 275 183
p/1739423374014.jpg 1 0 0 303 166
p/1739423374013.jpg 1 0 0 183 275
p/1739423374015.png 1 0 0 225 225
p/1739423374014.png 1 0 0 225 225
p/1739423374011.jpg 1 0 0 168 300
p/1739423374012.jpg 1 0 0 275 183
p/1739423374011.png 1 0 0 300 168
p/1739423374024.png 1 0 0 224 225
p/1739423064248.jpg 1 0 0 225 225
p/1739423064247.jpg 1 0 0 225 225
p/1739423061482.jpg 1 0 0 190 266
p/1739423061480.jpg 1 0 0 225 225
p/1739423061479.jpg 1 0 0 225 225
p/1739423061478.jpg 1 0 0 183 275
p/1739423061477.jpg 1 0 0 225 225
p/1739423061475.jpg 1 0 0 177 285
p/1739423061474.jpg 1 0 0 222 227
p/1739423061473.jpg 1 0 0 225 225
p/1739423061471.jpg 1 0 0 225 225
p/1739423064263.png 1 0 0 183 275
p/1739423061470.jpg 1 0 0 225 225
p/1739423061469.jpg 1 0 0 224 225
p/1739423066794.jpg 1 0 0 150 150
p/1739423066793.jpg 1 0 0 201 251
p/1739423066792.jpg 1 0 0 194 259
p/1739423066791.jpg 1 0 0 225 225
p/1739423066790.jpg 1 0 0 225 225
p/1739423061418.jpg 1 0 0 240 210
p/1739423054397.jpg 1 0 0 194 259
p/1739423066789.jpg 1 0 0 225 225
p/1739423066788.jpg 1 0 0 225 225
p/1739423066787.jpg 1 0 0 225 225
p/1739423066786.jpg 1 0 0 225 225
p/1739423054396.jpg 1 0 0 300 168
p/1739423054417.png 1 0 0 249 202
p/1739423054415.png 1 0 0 183 275
p/1739423049821.jpg 1 0 0 225 225
p/1739423049820.jpg 1 0 0 225 225
p/1739423061465.jpg 1 0 0 194 259
p/1739423061464.jpg 1 0 0 225 225
p/1739423061463.jpg 1 0 0 168 299
p/1739423061459.jpg 1 0 0 259 194
p/1739423061458.jpg 1 0 0 224 224
p/1739423061457.jpg 1 0 0 189 267
p/1739423064246.jpg 1 0 0 225 225
p/1739423064245.jpg 1 0 0 225 225
p/1739423061486.png 1 0 0 194 259
p/1739423064244.jpg 1 0 0 276 183
p/1739423061483.png 1 0 0 225 224
p/1739423061452.jpg 1 0 0 225 225
p/1739423054405.png 1 0 0 225 225
p/1739423061449.jpg 1 0 0 318 159
p/1739423054404.png 1 0 0 224 224
p/1739423054401.png 1 0 0 225 225
p/1739423061447.jpg 1 0 0 275 183
p/1739423064243.jpg 1 0 0 225 225
p/1739423064242.jpg 1 0 0 293 172
p/1739423061446.jpg 1 0 0 152 331
p/1739423054399.png 1 0 0 183 275
p/1739423061443.jpg 1 0 0 275 183
p/1739423049817.png 1 0 0 197 255
p/1739423061455.png 1 0 0 266 190
p/1739423061440.jpg 1 0 0 275 183
p/1739423061445.png 1 0 0 225 225
p/1739423061421.png 1 0 0 191 264
p/1739423061438.jpg 1 0 0 225 225
p/1739423054412.png 1 0 0 183 275
p/1739423061437.jpg 1 0 0 225 225
p/1739423054411.png 1 0 0 183 275
p/1739423054409.png 1 0 0 183 275
p/1739423064240.jpg 1 0 0 263 192
p/1739423064239.jpg 1 0 0 259 194
p/1739423064238.jpg 1 0 0 262 192
p/1739423064237.jpg 1 0 0 300 168
p/1739423064236.jpg 1 0 0 259 194
p/1739423064235.jpg 1 0 0 275 183
p/1739423061481.png 1 0 0 225 225
p/1739423064234.jpg 1 0 0 225 225
p/1739423064233.jpg 1 0 0 225 225
p/1739423061469.png 1 0 0 392 129
p/1739423064231.jpg 1 0 0 310 163
p/1739423064229.jpg 1 0 0 300 168
p/1739423064228.jpg 1 0 0 259 194
p/1739423064227.jpg 1 0 0 259 194
p/1739423064226.jpg 1 0 0 275 183
p/1739423066784.png 1 0 0 200 200
p/1739423064225.jpg 1 0 0 312 162
p/1739423066785.jpg 1 0 0 259 194
p/1739423066782.jpg 1 0 0 275 183
p/1739423066781.jpg 1 0 0 318 159
p/1739423066780.jpg 1 0 0 247 204
p/1739423066779.jpg 1 0 0 205 210
p/1739423066778.jpg 1 0 0 299 168
p/1739423066777.jpg 1 0 0 275 183
p/1739423064274.png 1 0 0 225 225
p/1739423066776.jpg 1 0 0 260 194
p/1739423066775.jpg 1 0 0 275 183
p/1739423066774.jpg 1 0 0 300 168
p/1739423064275.jpg 1 0 0 190 266
p/1739423064273.jpg 1 0 0 254 198
p/1739423064272.jpg 1 0 0 327 154
p/1739423064271.jpg 1 0 0 280 180
p/1739423064270.jpg 1 0 0 205 210
p/1739423064269.jpg 1 0 0 183 275
p/1739423064268.jpg 1 0 0 194 259
p/1739423064267.jpg 1 0 0 201 251
p/1739423064266.jpg 1 0 0 225 225
p/1739423064224.jpg 1 0 0 225 225
p/1739423064223.jpg 1 0 0 259 194
p/1739423064222.jpg 1 0 0 225 225
p/1739423064220.jpg 1 0 0 284 177
p/1739423064219.jpg 1 0 0 240 152
p/1739423064217.jpg 1 0 0 225 225
p/1739423064252.png 1 0 0 281 180
p/1739423064216.jpg 1 0 0 224 224
p/1739423064215.jpg 1 0 0 275 183
p/1739423064214.jpg 1 0 0 271 186
p/1739423061498.jpg 1 0 0 225 225
p/1739423064241.png 1 0 0 280 180
p/1739423064230.png 1 0 0 277 182
p/1739423061497.jpg 1 0 0 299 168
p/1739423061496.jpg 1 0 0 276 183
p/1739423064218.png 1 0 0 418 120
p/1739423061492.png 1 0 0 418 120
p/1739423061466.png 1 0 0 418 120
p/images.png 1 0 0 418 120
p/1739423061416.jpg 1 0 0 272 185
p/1739423061495.jpg 1 0 0 225 225
p/1739423061494.jpg 1 0 0 300 168
p/1739423061493.jpg 1 0 0 225 225
p/1739423061415.jpg 1 0 0 183 276
p/1739423058422.png 1 0 0 224 225
p/1739423061414.jpg 1 0 0 183 275
p/1739423061413.jpg 1 0 0 303 166
p/1739423054410.png 1 0 0 225 225
p/download.png 1 0 0 225 225
p/1739423061407.jpg 1 0 0 225 225
p/1739423061406.jpg 1 0 0 294 171
p/1739423061405.jpg 1 0 0 187 270
p/1739423061404.jpg 1 0 0 314 161
p/1739423061403.jpg 1 0 0 225 225
p/1739423058425.jpg 1 0 0 225 225
p/1739423061491.jpg 1 0 0 225 225
p/1739423061490.jpg 1 0 0 225 225
p/1739423061489.jpg 1 0 0 280 180
p/1739423061488.jpg 1 0 0 262 192
p/1739423058424.jpg 1 0 0 275 183
p/1739423058423.jpg 1 0 0 225 225
p/1739423058422.jpg 1 0 0 225 225
p/1739423054439.jpg 1 0 0 213 237
p/1739423054438.jpg 1 0 0 225 225
p/1739423054436.jpg 1 0 0 225 225
p/1739423054435.jpg 1 0 0 258 196
p/1739423054434.jpg 1 0 0 225 225
p/1739423064265.jpg 1 0 0 275 183
p/1739423054433.jpg 1 0 0 259 194
p/1739423054432.jpg 1 0 0 194 259
p/1739423054431.jpg 1 0 0 275 183
p/1739423054430.jpg 1 0 0 259 194
p/1739423064264.jpg 1 0 0 225 225
p/1739423054429.jpg 1 0 0 225 225
p/1739423054427.jpg 1 0 0 225 225
p/1739423054426.jpg 1 0 0 225 225
p/1739423054420.jpg 1 0 0 225 225
p/1739423064262.jpg 1 0 0 225 225
p/1739423064261.jpg 1 0 0 201 251
p/1739423064260.jpg 1 0 0 230 220
p/1739423064259.jpg 1 0 0 225 225
p/1739423064258.jpg 1 0 0 225 225
p/1739423064257.jpg 1 0 0 225 224
p/1739423064256.jpg 1 0 0 225 225
p/1739423064255.jpg 1 0 0 222 227
p/1739423064254.jpg 1 0 0 225 225
p/1739423064253.jpg 1 0 0 224 224
p/1739423064251.jpg 1 0 0 244 207
p/1739423064250.jpg 1 0 0 227 222
p/1739423064249.jpg 1 0 0 203 248
p/1739423054419.jpg 1 0 0 318 159
p/1739423054418.jpg 1 0 0 225 225
p/1739423054416.jpg 1 0 0 225 225
p/1739423054414.jpg 1 0 0 225 225
p/1739423054413.jpg 1 0 0 225 225
p/1739423054412.jpg 1 0 0 205 246
p/1739423054411.jpg 1 0 0 279 181
p/1739423054408.jpg 1 0 0 259 194
p/1739423054406.jpg 1 0 0 225 225
p/1739423054405.jpg 1 0 0 225 225
p/1739423054404.jpg 1 0 0 218 231
p/1739423054403.jpg 1 0 0 225 225
p/1739423054402.jpg 1 0 0 225 225
p/1739423061433.jpg 1 0 0 225 225
p/1739423061431.jpg 1 0 0 275 184
p/1739423061430.jpg 1 0 0 225 225
p/1739423061429.jpg 1 0 0 188 268
p/1739423061428.jpg 1 0 0 218 231
p/1739423061427.jpg 1 0 0 225 225
p/1739423061426.jpg 1 0 0 238 212
p/1739423061425.jpg 1 0 0 225 225
p/1739423061424.jpg 1 0 0 191 264
p/1739423061423.jpg 1 0 0 225 225
p/1739423061422.jpg 1 0 0 184 275
p/1739423061420.jpg 1 0 0 245 206
p/1739423061487.jpg 1 0 0 275 183
p/1739423054400.jpg 1 0 0 195 258
p/1739423054399.jpg 1 0 0 181 279
p/1739423054398.jpg 1 0 0 224 224
p/1739423049817.jpg 1 0 0 237 213
p/1739423061455.jpg 1 0 0 275 183
p/1739423061486.jpg 1 0 0 297 170
p/1739423061485.jpg 1 0 0 255 198
p/1739423061483.jpg 1 0 0 275 183
p/1739423061481.jpg 1 0 0 300 168
p/1739423061468.jpg 1 0 0 300 168
p/1739423066783.jpg 1 0 0 300 168
p/1739423064274.jpg 1 0 0 300 168
p/1739423064263.jpg 1 0 0 225 225
p/1739423064252.jpg 1 0 0 298 169
p/1739423064241.jpg 1 0 0 225 225
p/1739423064230.jpg 1 0 0 225 225
p/1739423064218.jpg 1 0 0 225 225
p/1739423061492.jpg 1 0 0 177 285
p/1739423061466.jpg 1 0 0 225 225
p/images.jpg 1 0 0 267 189
p/1739423061444.jpg 1 0 0 300 168
p/1739423061432.jpg 1 0 0 318 159
p/1739423061421.jpg 1 0 0 309 163
p/1739423061409.jpg 1 0 0 225 225
p/1739423058421.jpg 1 0 0 183 275
p/1739423054428.jpg 1 0 0 168 299
p/1739423054409.jpg 1 0 0 225 225
p/1739423049814.jpg 1 0 0 318 159
p/download.jpg 1 0 0 183 275